../Drivers/final_boss_drivers/final_boss_audio.c:126:9:BSP_AUDIO_IN_Init	24	static
../Drivers/final_boss_drivers/final_boss_audio.c:147:9:BSP_AUDIO_IN_AllocScratch	24	static
../Drivers/final_boss_drivers/final_boss_audio.c:168:9:BSP_AUDIO_IN_Record	16	static
../Drivers/final_boss_drivers/final_boss_audio.c:196:9:BSP_AUDIO_IN_Stop	8	static
../Drivers/final_boss_drivers/final_boss_audio.c:221:9:BSP_AUDIO_IN_Pause	8	static
../Drivers/final_boss_drivers/final_boss_audio.c:243:9:BSP_AUDIO_IN_Resume	8	static
../Drivers/final_boss_drivers/final_boss_audio.c:265:6:BSP_AUDIO_IN_DeInit	8	static
../Drivers/final_boss_drivers/final_boss_audio.c:279:6:HAL_DFSDM_FilterRegConvCpltCallback	24	static
../Drivers/final_boss_drivers/final_boss_audio.c:325:6:HAL_DFSDM_FilterRegConvHalfCpltCallback	24	static
../Drivers/final_boss_drivers/final_boss_audio.c:370:13:BSP_AUDIO_IN_TransferComplete_CallBack	4	static
../Drivers/final_boss_drivers/final_boss_audio.c:381:13:BSP_AUDIO_IN_HalfTransfer_CallBack	4	static
../Drivers/final_boss_drivers/final_boss_audio.c:392:13:BSP_AUDIO_IN_Error_Callback	4	static
../Drivers/final_boss_drivers/final_boss_audio.c:402:13:BSP_AUDIO_IN_MspInit	8	static
../Drivers/final_boss_drivers/final_boss_audio.c:414:13:BSP_AUDIO_IN_MspDeInit	8	static
../Drivers/final_boss_drivers/final_boss_audio.c:431:13:BSP_AUDIO_IN_ClockConfig	168	static
../Drivers/final_boss_drivers/final_boss_audio.c:484:16:DFSDMx_Init	16	static
../Drivers/final_boss_drivers/final_boss_audio.c:588:16:DFSDMx_DeInit	8	static
../Drivers/final_boss_drivers/final_boss_audio.c:619:13:DFSDMx_ChannelMspInit	40	static
../Drivers/final_boss_drivers/final_boss_audio.c:646:13:DFSDMx_ChannelMspDeInit	32	static
../Drivers/final_boss_drivers/final_boss_audio.c:659:13:DFSDMx_FilterMspInit	16	static
../Drivers/final_boss_drivers/final_boss_audio.c:720:13:DFSDMx_FilterMspDeInit	8	static
