../Drivers/CMSIS/Include/core_cm7.h:2464:22:SCB_InvalidateDCache_by_Addr	32	static,ignoring_inline_asm
../Drivers/final_boss_drivers/final_boss_audio.c:145:6:BSP_AUDIO_IN_Start_Sample	16	static
../Drivers/final_boss_drivers/final_boss_audio.c:166:9:BSP_AUDIO_IN_Init	32	static
../Drivers/final_boss_drivers/final_boss_audio.c:189:9:BSP_AUDIO_IN_AllocScratch	24	static
../Drivers/final_boss_drivers/final_boss_audio.c:210:9:BSP_AUDIO_IN_Start	16	static
../Drivers/final_boss_drivers/final_boss_audio.c:238:9:BSP_AUDIO_IN_Stop	8	static
../Drivers/final_boss_drivers/final_boss_audio.c:263:9:BSP_AUDIO_IN_Pause	8	static
../Drivers/final_boss_drivers/final_boss_audio.c:285:9:BSP_AUDIO_IN_Resume	8	static
../Drivers/final_boss_drivers/final_boss_audio.c:307:6:BSP_AUDIO_IN_DeInit	8	static
../Drivers/final_boss_drivers/final_boss_audio.c:321:6:HAL_DFSDM_FilterRegConvCpltCallback	24	static
../Drivers/final_boss_drivers/final_boss_audio.c:362:6:HAL_DFSDM_FilterRegConvHalfCpltCallback	24	static
../Drivers/final_boss_drivers/final_boss_audio.c:401:13:BSP_AUDIO_IN_MspInit	8	static
../Drivers/final_boss_drivers/final_boss_audio.c:413:13:BSP_AUDIO_IN_MspDeInit	8	static
../Drivers/final_boss_drivers/final_boss_audio.c:430:13:BSP_AUDIO_IN_ClockConfig	168	static
../Drivers/final_boss_drivers/final_boss_audio.c:483:16:DFSDMx_Init	16	static
../Drivers/final_boss_drivers/final_boss_audio.c:587:16:DFSDMx_DeInit	8	static
../Drivers/final_boss_drivers/final_boss_audio.c:618:13:DFSDMx_ChannelMspInit	40	static
../Drivers/final_boss_drivers/final_boss_audio.c:645:13:DFSDMx_ChannelMspDeInit	32	static
../Drivers/final_boss_drivers/final_boss_audio.c:658:13:DFSDMx_FilterMspInit	16	static
../Drivers/final_boss_drivers/final_boss_audio.c:719:13:DFSDMx_FilterMspDeInit	8	static
