../Drivers/final_boss_drivers/final_boss_audio.c:140:6:BSP_AUDIO_IN_Start_Sample	16	static
../Drivers/final_boss_drivers/final_boss_audio.c:161:9:BSP_AUDIO_IN_Init	32	static
../Drivers/final_boss_drivers/final_boss_audio.c:184:9:BSP_AUDIO_IN_AllocScratch	24	static
../Drivers/final_boss_drivers/final_boss_audio.c:205:9:BSP_AUDIO_IN_Start	16	static
../Drivers/final_boss_drivers/final_boss_audio.c:233:9:BSP_AUDIO_IN_Stop	8	static
../Drivers/final_boss_drivers/final_boss_audio.c:258:9:BSP_AUDIO_IN_Pause	8	static
../Drivers/final_boss_drivers/final_boss_audio.c:280:9:BSP_AUDIO_IN_Resume	8	static
../Drivers/final_boss_drivers/final_boss_audio.c:302:6:BSP_AUDIO_IN_DeInit	8	static
../Drivers/final_boss_drivers/final_boss_audio.c:316:6:HAL_DFSDM_FilterRegConvCpltCallback	24	static
../Drivers/final_boss_drivers/final_boss_audio.c:352:6:HAL_DFSDM_FilterRegConvHalfCpltCallback	24	static
../Drivers/final_boss_drivers/final_boss_audio.c:387:13:BSP_AUDIO_IN_TransferComplete_CallBack	4	static
../Drivers/final_boss_drivers/final_boss_audio.c:398:13:BSP_AUDIO_IN_HalfTransfer_CallBack	4	static
../Drivers/final_boss_drivers/final_boss_audio.c:409:13:BSP_AUDIO_IN_Error_Callback	4	static
../Drivers/final_boss_drivers/final_boss_audio.c:419:13:BSP_AUDIO_IN_MspInit	8	static
../Drivers/final_boss_drivers/final_boss_audio.c:431:13:BSP_AUDIO_IN_MspDeInit	8	static
../Drivers/final_boss_drivers/final_boss_audio.c:448:13:BSP_AUDIO_IN_ClockConfig	168	static
../Drivers/final_boss_drivers/final_boss_audio.c:501:16:DFSDMx_Init	16	static
../Drivers/final_boss_drivers/final_boss_audio.c:605:16:DFSDMx_DeInit	8	static
../Drivers/final_boss_drivers/final_boss_audio.c:636:13:DFSDMx_ChannelMspInit	40	static
../Drivers/final_boss_drivers/final_boss_audio.c:663:13:DFSDMx_ChannelMspDeInit	32	static
../Drivers/final_boss_drivers/final_boss_audio.c:676:13:DFSDMx_FilterMspInit	16	static
../Drivers/final_boss_drivers/final_boss_audio.c:737:13:DFSDMx_FilterMspDeInit	8	static
