../Drivers/final_boss_drivers/final_boss_audio.c:140:6:BSP_AUDIO_IN_Start_Sample	16	static
../Drivers/final_boss_drivers/final_boss_audio.c:161:9:BSP_AUDIO_IN_Init	24	static
../Drivers/final_boss_drivers/final_boss_audio.c:182:9:BSP_AUDIO_IN_AllocScratch	24	static
../Drivers/final_boss_drivers/final_boss_audio.c:203:9:BSP_AUDIO_IN_Start	16	static
../Drivers/final_boss_drivers/final_boss_audio.c:231:9:BSP_AUDIO_IN_Stop	8	static
../Drivers/final_boss_drivers/final_boss_audio.c:256:9:BSP_AUDIO_IN_Pause	8	static
../Drivers/final_boss_drivers/final_boss_audio.c:278:9:BSP_AUDIO_IN_Resume	8	static
../Drivers/final_boss_drivers/final_boss_audio.c:300:6:BSP_AUDIO_IN_DeInit	8	static
../Drivers/final_boss_drivers/final_boss_audio.c:314:6:HAL_DFSDM_FilterRegConvCpltCallback	24	static
../Drivers/final_boss_drivers/final_boss_audio.c:350:6:HAL_DFSDM_FilterRegConvHalfCpltCallback	24	static
../Drivers/final_boss_drivers/final_boss_audio.c:385:13:BSP_AUDIO_IN_TransferComplete_CallBack	4	static
../Drivers/final_boss_drivers/final_boss_audio.c:396:13:BSP_AUDIO_IN_HalfTransfer_CallBack	4	static
../Drivers/final_boss_drivers/final_boss_audio.c:407:13:BSP_AUDIO_IN_Error_Callback	4	static
../Drivers/final_boss_drivers/final_boss_audio.c:417:13:BSP_AUDIO_IN_MspInit	8	static
../Drivers/final_boss_drivers/final_boss_audio.c:429:13:BSP_AUDIO_IN_MspDeInit	8	static
../Drivers/final_boss_drivers/final_boss_audio.c:446:13:BSP_AUDIO_IN_ClockConfig	168	static
../Drivers/final_boss_drivers/final_boss_audio.c:499:16:DFSDMx_Init	16	static
../Drivers/final_boss_drivers/final_boss_audio.c:603:16:DFSDMx_DeInit	8	static
../Drivers/final_boss_drivers/final_boss_audio.c:634:13:DFSDMx_ChannelMspInit	40	static
../Drivers/final_boss_drivers/final_boss_audio.c:661:13:DFSDMx_ChannelMspDeInit	32	static
../Drivers/final_boss_drivers/final_boss_audio.c:674:13:DFSDMx_FilterMspInit	16	static
../Drivers/final_boss_drivers/final_boss_audio.c:735:13:DFSDMx_FilterMspDeInit	8	static
