../Drivers/final_boss_drivers/stm32f769i_eval.c:218:10:BSP_GetVersion	4	static
../Drivers/final_boss_drivers/stm32f769i_eval.c:233:6:BSP_LED_Init	56	static
../Drivers/final_boss_drivers/stm32f769i_eval.c:264:6:BSP_LED_DeInit	16	static
../Drivers/final_boss_drivers/stm32f769i_eval.c:282:6:BSP_LED_On	16	static
../Drivers/final_boss_drivers/stm32f769i_eval.c:297:6:BSP_LED_Off	16	static
../Drivers/final_boss_drivers/stm32f769i_eval.c:312:6:BSP_LED_Toggle	16	static
../Drivers/final_boss_drivers/stm32f769i_eval.c:334:6:BSP_PB_Init	48	static
../Drivers/final_boss_drivers/stm32f769i_eval.c:388:6:BSP_PB_DeInit	40	static
../Drivers/final_boss_drivers/stm32f769i_eval.c:410:10:BSP_PB_GetState	16	static
../Drivers/final_boss_drivers/stm32f769i_eval.c:425:6:BSP_COM_Init	48	static
../Drivers/final_boss_drivers/stm32f769i_eval.c:465:6:BSP_COM_DeInit	16	static
../Drivers/final_boss_drivers/stm32f769i_eval.c:485:6:BSP_POTENTIOMETER_Init	56	static
../Drivers/final_boss_drivers/stm32f769i_eval.c:534:10:BSP_POTENTIOMETER_GetLevel	8	static
../Drivers/final_boss_drivers/stm32f769i_eval.c:648:13:I2Cx_MspInit	40	static
../Drivers/final_boss_drivers/stm32f769i_eval.c:691:13:I2Cx_Init	8	static
../Drivers/final_boss_drivers/stm32f769i_eval.c:717:13:I2Cx_Write	40	static
../Drivers/final_boss_drivers/stm32f769i_eval.c:737:16:I2Cx_Read	40	static
../Drivers/final_boss_drivers/stm32f769i_eval.c:762:26:I2Cx_ReadMultiple	48	static
../Drivers/final_boss_drivers/stm32f769i_eval.c:786:26:I2Cx_WriteMultiple	48	static
../Drivers/final_boss_drivers/stm32f769i_eval.c:808:26:I2Cx_IsDeviceReady	16	static
../Drivers/final_boss_drivers/stm32f769i_eval.c:818:13:I2Cx_Error	16	static
../Drivers/final_boss_drivers/stm32f769i_eval.c:1029:6:AUDIO_IO_Init	8	static
../Drivers/final_boss_drivers/stm32f769i_eval.c:1038:6:AUDIO_IO_DeInit	4	static
../Drivers/final_boss_drivers/stm32f769i_eval.c:1049:6:AUDIO_IO_Write	32	static
../Drivers/final_boss_drivers/stm32f769i_eval.c:1066:10:AUDIO_IO_Read	32	static
../Drivers/final_boss_drivers/stm32f769i_eval.c:1086:6:AUDIO_IO_Delay	16	static
../Drivers/final_boss_drivers/stm32f769i_eval.c:1097:6:CAMERA_IO_Init	8	static
../Drivers/final_boss_drivers/stm32f769i_eval.c:1109:6:CAMERA_IO_Write	32	static
../Drivers/final_boss_drivers/stm32f769i_eval.c:1132:10:CAMERA_IO_Read	32	static
../Drivers/final_boss_drivers/stm32f769i_eval.c:1157:6:CAMERA_Delay	16	static
../Drivers/final_boss_drivers/stm32f769i_eval.c:1168:6:EEPROM_IO_Init	8	static
../Drivers/final_boss_drivers/stm32f769i_eval.c:1181:19:EEPROM_IO_WriteData	32	static
../Drivers/final_boss_drivers/stm32f769i_eval.c:1194:19:EEPROM_IO_ReadData	32	static
../Drivers/final_boss_drivers/stm32f769i_eval.c:1206:19:EEPROM_IO_IsDeviceReady	16	static
../Drivers/final_boss_drivers/stm32f769i_eval.c:1217:6:TS_IO_Init	8	static
../Drivers/final_boss_drivers/stm32f769i_eval.c:1229:6:TS_IO_Write	16	static
../Drivers/final_boss_drivers/stm32f769i_eval.c:1241:9:TS_IO_Read	16	static
../Drivers/final_boss_drivers/stm32f769i_eval.c:1255:10:TS_IO_ReadMultiple	24	static
../Drivers/final_boss_drivers/stm32f769i_eval.c:1269:6:TS_IO_WriteMultiple	24	static
../Drivers/final_boss_drivers/stm32f769i_eval.c:1279:6:TS_IO_Delay	16	static
../Drivers/final_boss_drivers/stm32f769i_eval.c:1289:6:OTM8009A_IO_Delay	16	static
