../Core/Src/audio_stream_dsp/audio_stream.c:42:6:AudioStream_Init	104	static
../Core/Src/audio_stream_dsp/audio_stream.c:91:17:uart_send	16	static
../Core/Src/audio_stream_dsp/audio_stream.c:101:5:AudioStream_ProcessCommand	64	static
../Core/Src/audio_stream_dsp/audio_stream.c:127:13:process_command_packet	24	static
../Core/Src/audio_stream_dsp/audio_stream.c:208:13:send_ack	64	static
../Core/Src/audio_stream_dsp/audio_stream.c:229:13:send_nack	64	static
../Core/Src/audio_stream_dsp/audio_stream.c:247:6:HAL_UART_RxCpltCallback	16	static
../Core/Src/audio_stream_dsp/audio_stream.c:261:6:AudioStream_SendRawSamples	64	static
../Core/Src/audio_stream_dsp/audio_stream.c:300:6:AudioStream_SendFFTData	64	static
../Core/Src/audio_stream_dsp/audio_stream.c:339:6:AudioStream_SendStatus	56	static
../Core/Src/audio_stream_dsp/audio_stream.c:381:6:AudioStream_SendFFTDataDB	64	static
../Core/Src/audio_stream_dsp/audio_stream.c:419:6:AudioStream_SendSpectrogram	64	static
../Core/Src/audio_stream_dsp/audio_stream.c:448:6:AudioStream_Task	8	static
../Core/Src/audio_stream_dsp/audio_stream.c:455:15:AudioStream_GetMode	4	static
../Core/Src/audio_stream_dsp/audio_stream.c:462:6:AudioStream_IsStreaming	4	static
