../Drivers/CMSIS/Include/core_cm7.h:2491:22:SCB_CleanDCache_by_Addr	32	static,ignoring_inline_asm
../Core/Src/audio_stream_dsp/audio_stream.c:42:6:AudioStream_Init	72	static
../Core/Src/audio_stream_dsp/audio_stream.c:93:6:HAL_UART_TxCpltCallback	16	static
../Core/Src/audio_stream_dsp/audio_stream.c:100:10:uart_send	32	static
../Core/Src/audio_stream_dsp/audio_stream.c:125:5:AudioStream_ProcessCommand	64	static
../Core/Src/audio_stream_dsp/audio_stream.c:151:13:process_command_packet	24	static
../Core/Src/audio_stream_dsp/audio_stream.c:232:13:send_ack	64	static
../Core/Src/audio_stream_dsp/audio_stream.c:253:13:send_nack	64	static
../Core/Src/audio_stream_dsp/audio_stream.c:271:6:HAL_UART_RxCpltCallback	16	static
../Core/Src/audio_stream_dsp/audio_stream.c:285:6:AudioStream_SendRawSamples	64	static
../Core/Src/audio_stream_dsp/audio_stream.c:324:6:AudioStream_SendFFTData	64	static
../Core/Src/audio_stream_dsp/audio_stream.c:363:6:AudioStream_SendStatus	56	static
../Core/Src/audio_stream_dsp/audio_stream.c:405:6:AudioStream_SendFFTDataDB	64	static
../Core/Src/audio_stream_dsp/audio_stream.c:443:6:AudioStream_SendSpectrogram	64	static
../Core/Src/audio_stream_dsp/audio_stream.c:472:6:AudioStream_Task	8	static
../Core/Src/audio_stream_dsp/audio_stream.c:479:15:AudioStream_GetMode	4	static
../Core/Src/audio_stream_dsp/audio_stream.c:486:6:AudioStream_IsStreaming	4	static
