../Core/Src/ai_logging.c:26:6:ai_logging_init	16	static
../Core/Src/ai_logging.c:54:6:ai_logging_init_send	24	static
../Core/Src/ai_logging.c:62:21:ai_logging_init_send_ctx	24	static
../Core/Src/ai_logging.c:72:6:ai_logging_init_receive	24	static
../Core/Src/ai_logging.c:82:21:ai_logging_init_receive_ctx	24	static
../Core/Src/ai_logging.c:94:6:ai_logging_init_raw_data_buffer	16	static
../Core/Src/ai_logging.c:99:6:ai_logging_send_data	48	static
../Core/Src/ai_logging.c:105:21:ai_logging_send_message	80	static
../Core/Src/ai_logging.c:116:21:ai_logging_send_message_with_data	56	static
../Core/Src/ai_logging.c:245:5:_ai_logging_prepare_raw_header_in_buffer	32	static
../Core/Src/ai_logging.c:256:6:ai_logging_send_header_for_raw_data	32	static
../Core/Src/ai_logging.c:284:6:ai_logging_send_raw_data	24	static
../Core/Src/ai_logging.c:291:6:ai_logging_purge	32	static
../Core/Src/ai_logging.c:331:6:ai_logging_data_received_callback	32	static
../Core/Src/ai_logging.c:370:5:ai_logging_wait_for_data	32	static
../Core/Src/ai_logging.c:407:5:ai_logging_check_for_received_packet	32	static
../Core/Src/ai_logging.c:470:5:ai_logging_decode_v1_packet	64	static
../Core/Src/ai_logging.c:588:5:ai_logging_decode_v2_packet	48	static
../Core/Src/ai_logging.c:657:6:ai_logging_prepare_next_packet	24	static
../Core/Src/ai_logging.c:672:6:ai_logging_send_packet	48	static
../Core/Src/ai_logging.c:789:6:ai_logging_clear_packet	16	static
../Core/Src/ai_logging.c:801:9:ai_logging_find_start_byte	24	static
../Core/Src/ai_logging.c:811:9:ai_logging_is_there_packet_type_v1	16	static
../Core/Src/ai_logging.c:820:9:ai_logging_is_there_packet_type_v2	16	static
../Core/Src/ai_logging.c:830:10:read_uint32_from_buffer	24	static
../Core/Src/ai_logging.c:836:9:read_int32_from_buffer	24	static
../Core/Src/ai_logging.c:842:10:read_uint16_from_buffer	24	static
../Core/Src/ai_logging.c:848:10:read_uint8_from_buffer	24	static
../Core/Src/ai_logging.c:854:6:_ai_logging_fire_error	16	static
../Core/Src/ai_logging.c:860:6:_ai_logging_call_send_fptr	24	static
../Core/Src/ai_logging.c:878:6:add_data_to_buffer	24	static
../Core/Src/ai_logging.c:889:6:ai_logging_create_shape_0d	16	static
../Core/Src/ai_logging.c:892:6:ai_logging_create_shape_1d	16	static
../Core/Src/ai_logging.c:896:6:ai_logging_create_shape_2d	16	static
../Core/Src/ai_logging.c:902:6:ai_logging_create_shape_3d	24	static
../Core/Src/ai_logging.c:910:20:create_message	32	static
../Core/Src/ai_logging.c:917:19:create_buffer	32	static
